// Jest Snapshot v1, https://goo.gl/fbAQLP

exports[`404 Page it matches snapshot 1`] = `
<Layout
  login={[Function]}
  logout={[Function]}
  showHamburger={false}
  useAuth={false}
>
  <VennDiagram />
</Layout>
`;
