// Jest Snapshot v1, https://goo.gl/fbAQLP

exports[`Backside Component (card) matches snapshot 1`] = `
ShallowWrapper {
  Symbol(enzyme.__root__): [Circular],
  Symbol(enzyme.__unrendered__): <Backside
    actionGroups={
      Array [
        Object {
          "actions": Array [
            Object {
              "actionName": "foo",
              "actionValue": "bar",
              "icon": <i>
                Icon
              </i>,
            },
          ],
          "title": "Actions",
        },
      ]
    }
  />,
  Symbol(enzyme.__renderer__): Object {
    "batchedUpdates": [Function],
    "getNode": [Function],
    "render": [Function],
    "simulateError": [Function],
    "simulateEvent": [Function],
    "unmount": [Function],
  },
  Symbol(enzyme.__node__): Object {
    "instance": null,
    "key": undefined,
    "nodeType": "function",
    "props": Object {
      "author": "",
      "children": Array [
        <ActionGroup
          actions={
            Array [
              Object {
                "actionName": "foo",
                "actionValue": "bar",
                "icon": <i>
                  Icon
                </i>,
              },
            ]
          }
          title="Actions"
        />,
      ],
    },
    "ref": null,
    "rendered": Array [
      Object {
        "instance": null,
        "key": "0",
        "nodeType": "function",
        "props": Object {
          "actions": Array [
            Object {
              "actionName": "foo",
              "actionValue": "bar",
              "icon": <i>
                Icon
              </i>,
            },
          ],
          "title": "Actions",
        },
        "ref": null,
        "rendered": null,
        "type": [Function],
      },
    ],
    "type": [Function],
  },
  Symbol(enzyme.__nodes__): Array [
    Object {
      "instance": null,
      "key": undefined,
      "nodeType": "function",
      "props": Object {
        "author": "",
        "children": Array [
          <ActionGroup
            actions={
              Array [
                Object {
                  "actionName": "foo",
                  "actionValue": "bar",
                  "icon": <i>
                    Icon
                  </i>,
                },
              ]
            }
            title="Actions"
          />,
        ],
      },
      "ref": null,
      "rendered": Array [
        Object {
          "instance": null,
          "key": "0",
          "nodeType": "function",
          "props": Object {
            "actions": Array [
              Object {
                "actionName": "foo",
                "actionValue": "bar",
                "icon": <i>
                  Icon
                </i>,
              },
            ],
            "title": "Actions",
          },
          "ref": null,
          "rendered": null,
          "type": [Function],
        },
      ],
      "type": [Function],
    },
  ],
  Symbol(enzyme.__options__): Object {
    "adapter": ReactSixteenAdapter {
      "options": Object {
        "enableComponentDidUpdateOnSetState": true,
        "lifecycles": Object {
          "componentDidUpdate": Object {
            "onSetState": true,
          },
          "getDerivedStateFromProps": true,
          "getSnapshotBeforeUpdate": true,
          "setState": Object {
            "skipsComponentDidUpdateOnNullish": true,
          },
        },
      },
    },
  },
}
`;
