// Jest Snapshot v1, https://goo.gl/fbAQLP

exports[`Layout Component it matches snapshot 1`] = `
ShallowWrapper {
  Symbol(enzyme.__root__): [Circular],
  Symbol(enzyme.__unrendered__): <Layout
    hamburgerClicked={[Function]}
    login={[MockFunction]}
    logout={[MockFunction]}
    path="/"
    showHamburger={false}
    useAuth={false}
  >
    test
  </Layout>,
  Symbol(enzyme.__renderer__): Object {
    "batchedUpdates": [Function],
    "getNode": [Function],
    "render": [Function],
    "simulateError": [Function],
    "simulateEvent": [Function],
    "unmount": [Function],
  },
  Symbol(enzyme.__node__): Object {
    "instance": null,
    "key": undefined,
    "nodeType": "host",
    "props": Object {
      "children": Array [
        <HelmetWrapper
          defer={true}
          encodeSpecialCharacters={true}
        >
          <link
            href="https://portal.nrs.gov.bc.ca/nrs-portal-theme/images/favicon.ico"
            rel="icon"
            type="image/x-icon"
          />
        </HelmetWrapper>,
        <PrimaryHeader
          hamburgerClicked={[Function]}
          showHamburger={false}
        />,
        "test",
        <PrimaryFooter>
          
        </PrimaryFooter>,
      ],
      "className": "layout",
    },
    "ref": null,
    "rendered": Array [
      Object {
        "instance": null,
        "key": undefined,
        "nodeType": "class",
        "props": Object {
          "children": <link
            href="https://portal.nrs.gov.bc.ca/nrs-portal-theme/images/favicon.ico"
            rel="icon"
            type="image/x-icon"
          />,
          "defer": true,
          "encodeSpecialCharacters": true,
        },
        "ref": null,
        "rendered": Object {
          "instance": null,
          "key": undefined,
          "nodeType": "host",
          "props": Object {
            "href": "https://portal.nrs.gov.bc.ca/nrs-portal-theme/images/favicon.ico",
            "rel": "icon",
            "type": "image/x-icon",
          },
          "ref": null,
          "rendered": null,
          "type": "link",
        },
        "type": [Function],
      },
      Object {
        "instance": null,
        "key": undefined,
        "nodeType": "function",
        "props": Object {
          "hamburgerClicked": [Function],
          "showHamburger": false,
        },
        "ref": null,
        "rendered": null,
        "type": [Function],
      },
      "test",
      Object {
        "instance": null,
        "key": undefined,
        "nodeType": "function",
        "props": Object {
          "children": "",
        },
        "ref": null,
        "rendered": "",
        "type": [Function],
      },
    ],
    "type": "div",
  },
  Symbol(enzyme.__nodes__): Array [
    Object {
      "instance": null,
      "key": undefined,
      "nodeType": "host",
      "props": Object {
        "children": Array [
          <HelmetWrapper
            defer={true}
            encodeSpecialCharacters={true}
          >
            <link
              href="https://portal.nrs.gov.bc.ca/nrs-portal-theme/images/favicon.ico"
              rel="icon"
              type="image/x-icon"
            />
          </HelmetWrapper>,
          <PrimaryHeader
            hamburgerClicked={[Function]}
            showHamburger={false}
          />,
          "test",
          <PrimaryFooter>
            
          </PrimaryFooter>,
        ],
        "className": "layout",
      },
      "ref": null,
      "rendered": Array [
        Object {
          "instance": null,
          "key": undefined,
          "nodeType": "class",
          "props": Object {
            "children": <link
              href="https://portal.nrs.gov.bc.ca/nrs-portal-theme/images/favicon.ico"
              rel="icon"
              type="image/x-icon"
            />,
            "defer": true,
            "encodeSpecialCharacters": true,
          },
          "ref": null,
          "rendered": Object {
            "instance": null,
            "key": undefined,
            "nodeType": "host",
            "props": Object {
              "href": "https://portal.nrs.gov.bc.ca/nrs-portal-theme/images/favicon.ico",
              "rel": "icon",
              "type": "image/x-icon",
            },
            "ref": null,
            "rendered": null,
            "type": "link",
          },
          "type": [Function],
        },
        Object {
          "instance": null,
          "key": undefined,
          "nodeType": "function",
          "props": Object {
            "hamburgerClicked": [Function],
            "showHamburger": false,
          },
          "ref": null,
          "rendered": null,
          "type": [Function],
        },
        "test",
        Object {
          "instance": null,
          "key": undefined,
          "nodeType": "function",
          "props": Object {
            "children": "",
          },
          "ref": null,
          "rendered": "",
          "type": [Function],
        },
      ],
      "type": "div",
    },
  ],
  Symbol(enzyme.__options__): Object {
    "adapter": ReactSixteenAdapter {
      "options": Object {
        "enableComponentDidUpdateOnSetState": true,
        "lifecycles": Object {
          "componentDidUpdate": Object {
            "onSetState": true,
          },
          "getDerivedStateFromProps": true,
          "getSnapshotBeforeUpdate": true,
          "setState": Object {
            "skipsComponentDidUpdateOnNullish": true,
          },
        },
      },
    },
  },
}
`;
