// Jest Snapshot v1, https://goo.gl/fbAQLP

exports[`Primary Filter Component it matches snapshot 1`] = `
ShallowWrapper {
  Symbol(enzyme.__root__): [Circular],
  Symbol(enzyme.__unrendered__): <PrimaryFilter
    mobile={false}
  />,
  Symbol(enzyme.__renderer__): Object {
    "batchedUpdates": [Function],
    "getNode": [Function],
    "render": [Function],
    "simulateError": [Function],
    "simulateEvent": [Function],
    "unmount": [Function],
  },
  Symbol(enzyme.__node__): Object {
    "instance": null,
    "key": undefined,
    "nodeType": "host",
    "props": Object {
      "children": <ul
        className="largeOnly"
      >
        <li>
          <a
            aria-label="Select to filter cards by the resource type"
            className=""
            onClick={[Function]}
          >
            All
          </a>
        </li>
        <li>
          <a
            aria-label="Select to filter cards by the resource type"
            className=""
            onClick={[Function]}
          >
            Components
          </a>
        </li>
        <li>
          <a
            aria-label="Select to filter cards by the resource type"
            className=""
            onClick={[Function]}
          >
            Documentation
          </a>
        </li>
        <li>
          <a
            aria-label="Select to filter cards by the resource type"
            className=""
            onClick={[Function]}
          >
            Self-Service Tools
          </a>
        </li>
        <li>
          <a
            aria-label="Select to filter cards by the resource type"
            className=""
            onClick={[Function]}
          >
            Repositories
          </a>
        </li>
      </ul>,
      "className": "PrimaryFilter",
    },
    "ref": null,
    "rendered": Object {
      "instance": null,
      "key": undefined,
      "nodeType": "host",
      "props": Object {
        "children": Array [
          <li>
            <a
              aria-label="Select to filter cards by the resource type"
              className=""
              onClick={[Function]}
            >
              All
            </a>
          </li>,
          <li>
            <a
              aria-label="Select to filter cards by the resource type"
              className=""
              onClick={[Function]}
            >
              Components
            </a>
          </li>,
          <li>
            <a
              aria-label="Select to filter cards by the resource type"
              className=""
              onClick={[Function]}
            >
              Documentation
            </a>
          </li>,
          <li>
            <a
              aria-label="Select to filter cards by the resource type"
              className=""
              onClick={[Function]}
            >
              Self-Service Tools
            </a>
          </li>,
          <li>
            <a
              aria-label="Select to filter cards by the resource type"
              className=""
              onClick={[Function]}
            >
              Repositories
            </a>
          </li>,
        ],
        "className": "largeOnly",
      },
      "ref": null,
      "rendered": Array [
        Object {
          "instance": null,
          "key": "0",
          "nodeType": "host",
          "props": Object {
            "children": <a
              aria-label="Select to filter cards by the resource type"
              className=""
              onClick={[Function]}
            >
              All
            </a>,
          },
          "ref": null,
          "rendered": Object {
            "instance": null,
            "key": undefined,
            "nodeType": "host",
            "props": Object {
              "aria-label": "Select to filter cards by the resource type",
              "children": "All",
              "className": "",
              "onClick": [Function],
            },
            "ref": null,
            "rendered": "All",
            "type": "a",
          },
          "type": "li",
        },
        Object {
          "instance": null,
          "key": "1",
          "nodeType": "host",
          "props": Object {
            "children": <a
              aria-label="Select to filter cards by the resource type"
              className=""
              onClick={[Function]}
            >
              Components
            </a>,
          },
          "ref": null,
          "rendered": Object {
            "instance": null,
            "key": undefined,
            "nodeType": "host",
            "props": Object {
              "aria-label": "Select to filter cards by the resource type",
              "children": "Components",
              "className": "",
              "onClick": [Function],
            },
            "ref": null,
            "rendered": "Components",
            "type": "a",
          },
          "type": "li",
        },
        Object {
          "instance": null,
          "key": "2",
          "nodeType": "host",
          "props": Object {
            "children": <a
              aria-label="Select to filter cards by the resource type"
              className=""
              onClick={[Function]}
            >
              Documentation
            </a>,
          },
          "ref": null,
          "rendered": Object {
            "instance": null,
            "key": undefined,
            "nodeType": "host",
            "props": Object {
              "aria-label": "Select to filter cards by the resource type",
              "children": "Documentation",
              "className": "",
              "onClick": [Function],
            },
            "ref": null,
            "rendered": "Documentation",
            "type": "a",
          },
          "type": "li",
        },
        Object {
          "instance": null,
          "key": "3",
          "nodeType": "host",
          "props": Object {
            "children": <a
              aria-label="Select to filter cards by the resource type"
              className=""
              onClick={[Function]}
            >
              Self-Service Tools
            </a>,
          },
          "ref": null,
          "rendered": Object {
            "instance": null,
            "key": undefined,
            "nodeType": "host",
            "props": Object {
              "aria-label": "Select to filter cards by the resource type",
              "children": "Self-Service Tools",
              "className": "",
              "onClick": [Function],
            },
            "ref": null,
            "rendered": "Self-Service Tools",
            "type": "a",
          },
          "type": "li",
        },
        Object {
          "instance": null,
          "key": "4",
          "nodeType": "host",
          "props": Object {
            "children": <a
              aria-label="Select to filter cards by the resource type"
              className=""
              onClick={[Function]}
            >
              Repositories
            </a>,
          },
          "ref": null,
          "rendered": Object {
            "instance": null,
            "key": undefined,
            "nodeType": "host",
            "props": Object {
              "aria-label": "Select to filter cards by the resource type",
              "children": "Repositories",
              "className": "",
              "onClick": [Function],
            },
            "ref": null,
            "rendered": "Repositories",
            "type": "a",
          },
          "type": "li",
        },
      ],
      "type": "ul",
    },
    "type": "nav",
  },
  Symbol(enzyme.__nodes__): Array [
    Object {
      "instance": null,
      "key": undefined,
      "nodeType": "host",
      "props": Object {
        "children": <ul
          className="largeOnly"
        >
          <li>
            <a
              aria-label="Select to filter cards by the resource type"
              className=""
              onClick={[Function]}
            >
              All
            </a>
          </li>
          <li>
            <a
              aria-label="Select to filter cards by the resource type"
              className=""
              onClick={[Function]}
            >
              Components
            </a>
          </li>
          <li>
            <a
              aria-label="Select to filter cards by the resource type"
              className=""
              onClick={[Function]}
            >
              Documentation
            </a>
          </li>
          <li>
            <a
              aria-label="Select to filter cards by the resource type"
              className=""
              onClick={[Function]}
            >
              Self-Service Tools
            </a>
          </li>
          <li>
            <a
              aria-label="Select to filter cards by the resource type"
              className=""
              onClick={[Function]}
            >
              Repositories
            </a>
          </li>
        </ul>,
        "className": "PrimaryFilter",
      },
      "ref": null,
      "rendered": Object {
        "instance": null,
        "key": undefined,
        "nodeType": "host",
        "props": Object {
          "children": Array [
            <li>
              <a
                aria-label="Select to filter cards by the resource type"
                className=""
                onClick={[Function]}
              >
                All
              </a>
            </li>,
            <li>
              <a
                aria-label="Select to filter cards by the resource type"
                className=""
                onClick={[Function]}
              >
                Components
              </a>
            </li>,
            <li>
              <a
                aria-label="Select to filter cards by the resource type"
                className=""
                onClick={[Function]}
              >
                Documentation
              </a>
            </li>,
            <li>
              <a
                aria-label="Select to filter cards by the resource type"
                className=""
                onClick={[Function]}
              >
                Self-Service Tools
              </a>
            </li>,
            <li>
              <a
                aria-label="Select to filter cards by the resource type"
                className=""
                onClick={[Function]}
              >
                Repositories
              </a>
            </li>,
          ],
          "className": "largeOnly",
        },
        "ref": null,
        "rendered": Array [
          Object {
            "instance": null,
            "key": "0",
            "nodeType": "host",
            "props": Object {
              "children": <a
                aria-label="Select to filter cards by the resource type"
                className=""
                onClick={[Function]}
              >
                All
              </a>,
            },
            "ref": null,
            "rendered": Object {
              "instance": null,
              "key": undefined,
              "nodeType": "host",
              "props": Object {
                "aria-label": "Select to filter cards by the resource type",
                "children": "All",
                "className": "",
                "onClick": [Function],
              },
              "ref": null,
              "rendered": "All",
              "type": "a",
            },
            "type": "li",
          },
          Object {
            "instance": null,
            "key": "1",
            "nodeType": "host",
            "props": Object {
              "children": <a
                aria-label="Select to filter cards by the resource type"
                className=""
                onClick={[Function]}
              >
                Components
              </a>,
            },
            "ref": null,
            "rendered": Object {
              "instance": null,
              "key": undefined,
              "nodeType": "host",
              "props": Object {
                "aria-label": "Select to filter cards by the resource type",
                "children": "Components",
                "className": "",
                "onClick": [Function],
              },
              "ref": null,
              "rendered": "Components",
              "type": "a",
            },
            "type": "li",
          },
          Object {
            "instance": null,
            "key": "2",
            "nodeType": "host",
            "props": Object {
              "children": <a
                aria-label="Select to filter cards by the resource type"
                className=""
                onClick={[Function]}
              >
                Documentation
              </a>,
            },
            "ref": null,
            "rendered": Object {
              "instance": null,
              "key": undefined,
              "nodeType": "host",
              "props": Object {
                "aria-label": "Select to filter cards by the resource type",
                "children": "Documentation",
                "className": "",
                "onClick": [Function],
              },
              "ref": null,
              "rendered": "Documentation",
              "type": "a",
            },
            "type": "li",
          },
          Object {
            "instance": null,
            "key": "3",
            "nodeType": "host",
            "props": Object {
              "children": <a
                aria-label="Select to filter cards by the resource type"
                className=""
                onClick={[Function]}
              >
                Self-Service Tools
              </a>,
            },
            "ref": null,
            "rendered": Object {
              "instance": null,
              "key": undefined,
              "nodeType": "host",
              "props": Object {
                "aria-label": "Select to filter cards by the resource type",
                "children": "Self-Service Tools",
                "className": "",
                "onClick": [Function],
              },
              "ref": null,
              "rendered": "Self-Service Tools",
              "type": "a",
            },
            "type": "li",
          },
          Object {
            "instance": null,
            "key": "4",
            "nodeType": "host",
            "props": Object {
              "children": <a
                aria-label="Select to filter cards by the resource type"
                className=""
                onClick={[Function]}
              >
                Repositories
              </a>,
            },
            "ref": null,
            "rendered": Object {
              "instance": null,
              "key": undefined,
              "nodeType": "host",
              "props": Object {
                "aria-label": "Select to filter cards by the resource type",
                "children": "Repositories",
                "className": "",
                "onClick": [Function],
              },
              "ref": null,
              "rendered": "Repositories",
              "type": "a",
            },
            "type": "li",
          },
        ],
        "type": "ul",
      },
      "type": "nav",
    },
  ],
  Symbol(enzyme.__options__): Object {
    "adapter": ReactSixteenAdapter {
      "options": Object {
        "enableComponentDidUpdateOnSetState": true,
        "lifecycles": Object {
          "componentDidUpdate": Object {
            "onSetState": true,
          },
          "getDerivedStateFromProps": true,
          "getSnapshotBeforeUpdate": true,
          "setState": Object {
            "skipsComponentDidUpdateOnNullish": true,
          },
        },
      },
    },
  },
}
`;
