// Jest Snapshot v1, https://goo.gl/fbAQLP

exports[`Primary Header Component it matches snapshot 1`] = `
<Header>
  <Banner />
  <Panel>
    <LoginWrapper>
      <Login
        authenticated={false}
      />
    </LoginWrapper>
  </Panel>
</Header>
`;
