// Jest Snapshot v1, https://goo.gl/fbAQLP

exports[`404 Page it matches snapshot 1`] = `
<Aux>
  <Backdrop
    clicked={[MockFunction]}
    show={true}
  />
  <Drawer
    pose="show"
  >
    <H2>
      <span>
        Foo
      </span>
      <IconButton
        onClick={[MockFunction]}
      >
        <FontAwesomeIcon
          border={false}
          className=""
          fixedWidth={false}
          flip={null}
          icon={
            Object {
              "icon": Array [
                512,
                512,
                Array [],
                "f6d3",
                "M496 96h-64l-7.16-14.31A32 32 0 0 0 396.22 64H342.6l-27.28-27.28C305.23 26.64 288 33.78 288 48.03v149.84l128 45.71V208h32c35.35 0 64-28.65 64-64v-32c0-8.84-7.16-16-16-16zm-112 48c-8.84 0-16-7.16-16-16s7.16-16 16-16 16 7.16 16 16-7.16 16-16 16zM96 224c-17.64 0-32-14.36-32-32 0-17.67-14.33-32-32-32S0 174.33 0 192c0 41.66 26.83 76.85 64 90.1V496c0 8.84 7.16 16 16 16h64c8.84 0 16-7.16 16-16V384h160v112c0 8.84 7.16 16 16 16h64c8.84 0 16-7.16 16-16V277.55L266.05 224H96z",
              ],
              "iconName": "dog",
              "prefix": "fas",
            }
          }
          inverse={false}
          listItem={false}
          mask={null}
          pull={null}
          pulse={false}
          rotation={null}
          size={null}
          spin={false}
          symbol={false}
          title=""
          transform={null}
        />
      </IconButton>
    </H2>
    <Menu />
  </Drawer>
</Aux>
`;
