// Jest Snapshot v1, https://goo.gl/fbAQLP

exports[`Validators Slug Validation createSlugBlacklist 1`] = `[Function]`;
